// Jest Snapshot v1, https://goo.gl/fbAQLP

exports[`REST Button renders a button based on the input 1`] = `
<Fragment>
  <input
    className="method"
    id="test"
    name="requestType"
    onChange={[MockFunction]}
    type="radio"
    value="test"
  />
  <label
    htmlFor="test"
  >
    TEST
  </label>
</Fragment>
`;
