// Jest Snapshot v1, https://goo.gl/fbAQLP

exports[`App component renders App 1`] = `
<Fragment>
  <Request
    onChange={[Function]}
    onSubmit={[Function]}
    url=""
  />
  <main>
    <DisplayHistory
      history={Array []}
    />
    <Result
      response={Object {}}
    />
  </main>
</Fragment>
`;
