// Jest Snapshot v1, https://goo.gl/fbAQLP

exports[`Request container renders a request container 1`] = `
<Fragment>
  <Header />
  <form
    onSubmit={[MockFunction]}
  >
    <div>
      <input
        name="url"
        onChange={[MockFunction]}
        placeholder="http://api.url.here"
        type="text"
        value="http://api.url.here"
      />
      <button
        className="submit"
      >
        Go!
      </button>
    </div>
    <div
      className="methods"
    >
      <Button
        key="get"
        onChange={[MockFunction]}
        reqType="get"
      />
      <Button
        key="post"
        onChange={[MockFunction]}
        reqType="post"
      />
      <Button
        key="put"
        onChange={[MockFunction]}
        reqType="put"
      />
      <Button
        key="delete"
        onChange={[MockFunction]}
        reqType="delete"
      />
      <textarea
        name="json"
        onChange={[MockFunction]}
      />
    </div>
  </form>
</Fragment>
`;
